[    0.000000] Initializing cgroup subsys cpuset
[    0.000000] Initializing cgroup subsys cpu
[    0.000000] Initializing cgroup subsys cpuacct
[    0.000000] Linux version 4.4.0-186-generic (buildd@lcy01-amd64-002) (gcc version 5.4.0 20160609 (Ubuntu 5.4.0-6ubuntu1~16.04.12) ) #216-Ubuntu SMP Wed Jul 1 05:34:05 UTC 2020 (Ubuntu 4.4.0-186.216-generic 4.4.228)
[    0.000000] Command line: BOOT_IMAGE=/boot/vmlinuz-4.4.0-186-generic root=LABEL=cloudimg-rootfs ro console=tty1 console=ttyS0
[    0.000000] KERNEL supported cpus:
[    0.000000]   Intel GenuineIntel
[    0.000000]   AMD AuthenticAMD
[    0.000000]   Centaur CentaurHauls
[    0.000000] [Firmware Bug]: TSC doesn't count with P0 frequency!
[    0.000000] x86/fpu: xstate_offset[2]:  576, xstate_sizes[2]:  256
[    0.000000] x86/fpu: Supporting XSAVE feature 0x01: 'x87 floating point registers'
[    0.000000] x86/fpu: Supporting XSAVE feature 0x02: 'SSE registers'
[    0.000000] x86/fpu: Supporting XSAVE feature 0x04: 'AVX registers'
[    0.000000] x86/fpu: Enabled xstate features 0x7, context size is 832 bytes, using 'standard' format.
[    0.000000] e820: BIOS-provided physical RAM map:
[    0.000000] BIOS-e820: [mem 0x0000000000000000-0x000000000009fbff] usable
[    0.000000] BIOS-e820: [mem 0x000000000009fc00-0x000000000009ffff] reserved
[    0.000000] BIOS-e820: [mem 0x00000000000f0000-0x00000000000fffff] reserved
[    0.000000] BIOS-e820: [mem 0x0000000000100000-0x000000003ffeffff] usable
[    0.000000] BIOS-e820: [mem 0x000000003fff0000-0x000000003fffffff] ACPI data
[    0.000000] BIOS-e820: [mem 0x00000000fec00000-0x00000000fec00fff] reserved
[    0.000000] BIOS-e820: [mem 0x00000000fee00000-0x00000000fee00fff] reserved
[    0.000000] BIOS-e820: [mem 0x00000000fffc0000-0x00000000ffffffff] reserved
[    0.000000] NX (Execute Disable) protection: active
[    0.000000] SMBIOS 2.5 present.
[    0.000000] Hypervisor detected: KVM
[    0.000000] Kernel/User page tables isolation: disabled
[    0.000000] e820: last_pfn = 0x3fff0 max_arch_pfn = 0x400000000
[    0.000000] MTRR: Disabled
[    0.000000] x86/PAT: MTRRs disabled, skipping PAT initialization too.
[    0.000000] CPU MTRRs all blank - virtualized system.
[    0.000000] x86/PAT: Configuration [0-7]: WB  WT  UC- UC  WB  WT  UC- UC  
[    0.000000] found SMP MP-table at [mem 0x0009fff0-0x0009ffff] mapped at [ffff88000009fff0]
[    0.000000] Scanning 1 areas for low memory corruption
[    0.000000] RAMDISK: [mem 0x362e0000-0x37167fff]
[    0.000000] ACPI: Early table checksum verification disabled
[    0.000000] ACPI: RSDP 0x00000000000E0000 000024 (v02 VBOX  )
[    0.000000] ACPI: XSDT 0x000000003FFF0030 00003C (v01 VBOX   VBOXXSDT 00000001 ASL  00000061)
[    0.000000] ACPI: FACP 0x000000003FFF00F0 0000F4 (v04 VBOX   VBOXFACP 00000001 ASL  00000061)
[    0.000000] ACPI: DSDT 0x000000003FFF0470 002325 (v02 VBOX   VBOXBIOS 00000002 INTL 20100528)
[    0.000000] ACPI: FACS 0x000000003FFF0200 000040
[    0.000000] ACPI: FACS 0x000000003FFF0200 000040
[    0.000000] ACPI: APIC 0x000000003FFF0240 00005C (v02 VBOX   VBOXAPIC 00000001 ASL  00000061)
[    0.000000] ACPI: SSDT 0x000000003FFF02A0 0001CC (v01 VBOX   VBOXCPUT 00000002 INTL 20100528)
[    0.000000] No NUMA configuration found
[    0.000000] Faking a node at [mem 0x0000000000000000-0x000000003ffeffff]
[    0.000000] NODE_DATA(0) allocated [mem 0x3ffeb000-0x3ffeffff]
[    0.000000] kvm-clock: Using msrs 4b564d01 and 4b564d00
[    0.000000] kvm-clock: cpu 0, msr 0:3ffe3001, primary cpu clock
[    0.000000] kvm-clock: using sched offset of 3233024790 cycles
[    0.000000] clocksource: kvm-clock: mask: 0xffffffffffffffff max_cycles: 0x1cd42e4dffb, max_idle_ns: 881590591483 ns
[    0.000000] Zone ranges:
[    0.000000]   DMA      [mem 0x0000000000001000-0x0000000000ffffff]
[    0.000000]   DMA32    [mem 0x0000000001000000-0x000000003ffeffff]
[    0.000000]   Normal   empty
[    0.000000]   Device   empty
[    0.000000] Movable zone start for each node
[    0.000000] Early memory node ranges
[    0.000000]   node   0: [mem 0x0000000000001000-0x000000000009efff]
[    0.000000]   node   0: [mem 0x0000000000100000-0x000000003ffeffff]
[    0.000000] Initmem setup node 0 [mem 0x0000000000001000-0x000000003ffeffff]
[    0.000000] ACPI: PM-Timer IO Port: 0x4008
[    0.000000] IOAPIC[0]: apic_id 2, version 32, address 0xfec00000, GSI 0-23
[    0.000000] ACPI: INT_SRC_OVR (bus 0 bus_irq 0 global_irq 2 dfl dfl)
[    0.000000] ACPI: INT_SRC_OVR (bus 0 bus_irq 9 global_irq 9 low level)
[    0.000000] Using ACPI (MADT) for SMP configuration information
[    0.000000] smpboot: Allowing 2 CPUs, 0 hotplug CPUs
[    0.000000] PM: Registered nosave memory: [mem 0x00000000-0x00000fff]
[    0.000000] PM: Registered nosave memory: [mem 0x0009f000-0x0009ffff]
[    0.000000] PM: Registered nosave memory: [mem 0x000a0000-0x000effff]
[    0.000000] PM: Registered nosave memory: [mem 0x000f0000-0x000fffff]
[    0.000000] e820: [mem 0x40000000-0xfebfffff] available for PCI devices
[    0.000000] Booting paravirtualized kernel on KVM
[    0.000000] clocksource: refined-jiffies: mask: 0xffffffff max_cycles: 0xffffffff, max_idle_ns: 7645519600211568 ns
[    0.000000] setup_percpu: NR_CPUS:512 nr_cpumask_bits:512 nr_cpu_ids:2 nr_node_ids:1
[    0.000000] PERCPU: Embedded 33 pages/cpu @ffff88003fc00000 s95512 r8192 d31464 u1048576
[    0.000000] Built 1 zonelists in Node order, mobility grouping on.  Total pages: 257912
[    0.000000] Policy zone: DMA32
[    0.000000] Kernel command line: BOOT_IMAGE=/boot/vmlinuz-4.4.0-186-generic root=LABEL=cloudimg-rootfs ro console=tty1 console=ttyS0
[    0.000000] PID hash table entries: 4096 (order: 3, 32768 bytes)
[    0.000000] Memory: 997664K/1048120K available (8636K kernel code, 1337K rwdata, 4040K rodata, 1492K init, 1296K bss, 50456K reserved, 0K cma-reserved)
[    0.000000] SLUB: HWalign=64, Order=0-3, MinObjects=0, CPUs=2, Nodes=1
[    0.000000] Hierarchical RCU implementation.
[    0.000000] 	Build-time adjustment of leaf fanout to 64.
[    0.000000] 	RCU restricting CPUs from NR_CPUS=512 to nr_cpu_ids=2.
[    0.000000] RCU: Adjusting geometry for rcu_fanout_leaf=64, nr_cpu_ids=2
[    0.000000] NR_IRQS:33024 nr_irqs:440 16
[    0.000000] Console: colour VGA+ 80x25
[    0.000000] console [tty1] enabled
[    0.000000] console [ttyS0] enabled
[    0.000000] tsc: Detected 2994.376 MHz processor
[    0.105379] Calibrating delay loop (skipped) preset value.. 5988.75 BogoMIPS (lpj=11977504)
[    0.106646] pid_max: default: 32768 minimum: 301
[    0.107307] ACPI: Core revision 20150930
[    0.108599] ACPI: 2 ACPI AML tables successfully acquired and loaded
[    0.109567] Security Framework initialized
[    0.110160] Yama: becoming mindful.
[    0.110698] AppArmor: AppArmor initialized
[    0.111441] Dentry cache hash table entries: 131072 (order: 8, 1048576 bytes)
[    0.112526] Inode-cache hash table entries: 65536 (order: 7, 524288 bytes)
[    0.114309] Mount-cache hash table entries: 2048 (order: 2, 16384 bytes)
[    0.115203] Mountpoint-cache hash table entries: 2048 (order: 2, 16384 bytes)
[    0.116194] Initializing cgroup subsys io
[    0.116774] Initializing cgroup subsys memory
[    0.117390] Initializing cgroup subsys devices
[    0.118011] Initializing cgroup subsys freezer
[    0.118633] Initializing cgroup subsys net_cls
[    0.119275] Initializing cgroup subsys perf_event
[    0.119922] Initializing cgroup subsys net_prio
[    0.120550] Initializing cgroup subsys hugetlb
[    0.121165] Initializing cgroup subsys pids
[    0.128774] mce: CPU supports 0 MCE banks
[    0.129435] Last level iTLB entries: 4KB 1024, 2MB 1024, 4MB 512
[    0.130240] Last level dTLB entries: 4KB 2048, 2MB 2048, 4MB 1024, 1GB 0
[    0.131105] Spectre V1 : Mitigation: usercopy/swapgs barriers and __user pointer sanitization
[    0.132293] Spectre V2 : Spectre mitigation: LFENCE not serializing, switching to generic retpoline
[    0.133522] Spectre V2 : Mitigation: Full generic retpoline
[    0.134237] Spectre V2 : Spectre v2 / SpectreRSB mitigation: Filling RSB on context switch
[    0.135404] Speculative Store Bypass: Mitigation: Speculative Store Bypass disabled via prctl and seccomp
[    0.138604] Freeing SMP alternatives memory: 36K
[    0.144063] ftrace: allocating 32334 entries in 127 pages
[    0.192234] smpboot: APIC(0) Converting physical 0 to logical package 0
[    0.193148] smpboot: Max logical packages: 1
[    0.193982] x2apic enabled
[    0.194643] Switched APIC routing to physical x2apic.
[    0.196209] ..TIMER: vector=0x30 apic1=0 pin1=2 apic2=-1 pin2=-1
[    0.305140] APIC calibration not consistent with PM-Timer: 112ms instead of 100ms
[    0.306278] APIC delta adjusted to PM-Timer: 6436054 (7211933)
[    0.307294] smpboot: CPU0: AMD Ryzen 5 4600H with Radeon Graphics (family: 0x17, model: 0x60, stepping: 0x1)
[    0.308904] Performance Events: Broken PMU hardware detected, using software events only.
[    0.310163] Failed to access perfctr msr (MSR c0010007 is 0)
[    0.316505] KVM setup paravirtual spinlock
[    0.317851] x86: Booting SMP configuration:
[    0.318504] .... node  #0, CPUs:      #1
[    0.319215] kvm-clock: cpu 1, msr 0:3ffe3041, secondary cpu clock
[    0.326923] mce: CPU supports 0 MCE banks
[    0.329354] x86: Booted up 1 node, 2 CPUs
[    0.330127] smpboot: Total of 2 processors activated (11977.50 BogoMIPS)
[    0.331464] devtmpfs: initialized
[    0.333532] evm: security.selinux
[    0.334084] evm: security.SMACK64
[    0.334630] evm: security.SMACK64EXEC
[    0.335199] evm: security.SMACK64TRANSMUTE
[    0.335834] evm: security.SMACK64MMAP
[    0.336406] evm: security.ima
[    0.336956] evm: security.capability
[    0.337717] clocksource: jiffies: mask: 0xffffffff max_cycles: 0xffffffff, max_idle_ns: 7645041785100000 ns
[    0.339077] futex hash table entries: 512 (order: 3, 32768 bytes)
[    0.339999] pinctrl core: initialized pinctrl subsystem
[    0.340911] RTC time: 16:04:41, date: 07/29/20
[    0.343091] NET: Registered protocol family 16
[    0.356093] cpuidle: using governor ladder
[    0.370776] cpuidle: using governor menu
[    0.371423] PCCT header not found.
[    0.372265] ACPI: bus type PCI registered
[    0.372937] acpiphp: ACPI Hot Plug PCI Controller Driver version: 0.5
[    0.373882] PCI: Using configuration type 1 for base access
[    0.374694] PCI: Using configuration type 1 for extended access
[    0.389986] ACPI: Added _OSI(Module Device)
[    0.390731] ACPI: Added _OSI(Processor Device)
[    0.391448] ACPI: Added _OSI(3.0 _SCP Extensions)
[    0.392230] ACPI: Added _OSI(Processor Aggregator Device)
[    0.393453] ACPI: Executed 1 blocks of module-level executable AML code
[    0.395795] ACPI: Interpreter enabled
[    0.396434] ACPI: (supports S0 S5)
[    0.397014] ACPI: Using IOAPIC for interrupt routing
[    0.397841] PCI: Using host bridge windows from ACPI; if necessary, use "pci=nocrs" and report a bug
[    0.401593] ACPI: PCI Root Bridge [PCI0] (domain 0000 [bus 00-ff])
[    0.402623] acpi PNP0A03:00: _OSC: OS supports [ExtendedConfig ASPM ClockPM Segments MSI]
[    0.404372] acpi PNP0A03:00: _OSC: platform does not support [PCIeCapability]
[    0.405477] acpi PNP0A03:00: _OSC: not requesting control; platform does not support [PCIeCapability]
[    0.406767] acpi PNP0A03:00: _OSC: OS requested [PCIeHotplug PME AER PCIeCapability]
[    0.407965] acpi PNP0A03:00: _OSC: platform willing to grant [PCIeHotplug PME AER]
[    0.416674] acpi PNP0A03:00: _OSC failed (AE_SUPPORT); disabling ASPM
[    0.417990] PCI host bridge to bus 0000:00
[    0.418635] pci_bus 0000:00: root bus resource [io  0x0000-0x0cf7 window]
[    0.419540] pci_bus 0000:00: root bus resource [io  0x0d00-0xffff window]
[    0.420493] pci_bus 0000:00: root bus resource [mem 0x000a0000-0x000bffff window]
[    0.421608] pci_bus 0000:00: root bus resource [mem 0x40000000-0xfdffffff window]
[    0.422720] pci_bus 0000:00: root bus resource [bus 00-ff]
[    0.425613] pci 0000:00:01.1: legacy IDE quirk: reg 0x10: [io  0x01f0-0x01f7]
[    0.426619] pci 0000:00:01.1: legacy IDE quirk: reg 0x14: [io  0x03f6]
[    0.427533] pci 0000:00:01.1: legacy IDE quirk: reg 0x18: [io  0x0170-0x0177]
[    0.428450] pci 0000:00:01.1: legacy IDE quirk: reg 0x1c: [io  0x0376]
[    0.443795] pci 0000:00:07.0: quirk: [io  0x4000-0x403f] claimed by PIIX4 ACPI
[    0.445057] pci 0000:00:07.0: quirk: [io  0x4100-0x410f] claimed by PIIX4 SMB
[    0.454451] ACPI: PCI Interrupt Link [LNKA] (IRQs 5 9 10 *11)
[    0.455776] ACPI: PCI Interrupt Link [LNKB] (IRQs 5 9 *10 11)
[    0.457326] ACPI: PCI Interrupt Link [LNKC] (IRQs 5 *9 10 11)
[    0.458509] ACPI: PCI Interrupt Link [LNKD] (IRQs 5 9 10 *11)
[    0.459731] ACPI: Enabled 2 GPEs in block 00 to 07
[    0.460855] vgaarb: setting as boot device: PCI:0000:00:02.0
[    0.461626] vgaarb: device added: PCI:0000:00:02.0,decodes=io+mem,owns=io+mem,locks=none
[    0.462741] vgaarb: loaded
[    0.463191] vgaarb: bridge control possible 0000:00:02.0
[    0.464087] SCSI subsystem initialized
[    0.464814] ACPI: bus type USB registered
[    0.465462] usbcore: registered new interface driver usbfs
[    0.466914] usbcore: registered new interface driver hub
[    0.467676] usbcore: registered new device driver usb
[    0.468651] PCI: Using ACPI for IRQ routing
[    0.469519] NetLabel: Initializing
[    0.470084] NetLabel:  domain hash size = 128
[    0.470751] NetLabel:  protocols = UNLABELED CIPSOv4
[    0.471491] NetLabel:  unlabeled traffic allowed by default
[    0.472415] amd_nb: Cannot enumerate AMD northbridges
[    0.473227] clocksource: Switched to clocksource kvm-clock
[    0.480028] AppArmor: AppArmor Filesystem Enabled
[    0.480833] pnp: PnP ACPI init
[    0.481893] pnp: PnP ACPI: found 3 devices
[    0.490175] clocksource: acpi_pm: mask: 0xffffff max_cycles: 0xffffff, max_idle_ns: 2085701024 ns
[    0.491529] NET: Registered protocol family 2
[    0.492288] TCP established hash table entries: 8192 (order: 4, 65536 bytes)
[    0.493195] TCP bind hash table entries: 8192 (order: 5, 131072 bytes)
[    0.494065] TCP: Hash tables configured (established 8192 bind 8192)
[    0.494902] UDP hash table entries: 512 (order: 2, 16384 bytes)
[    0.495675] UDP-Lite hash table entries: 512 (order: 2, 16384 bytes)
[    0.496635] NET: Registered protocol family 1
[    0.497271] pci 0000:00:00.0: Limiting direct PCI/PCI transfers
[    0.498086] pci 0000:00:01.0: Activating ISA DMA hang workarounds
[    0.499845] Unpacking initramfs...
[    0.679235] Freeing initrd memory: 14880K
[    0.680021] clocksource: tsc: mask: 0xffffffffffffffff max_cycles: 0x2b2984d0609, max_idle_ns: 440795359805 ns
[    0.681476] platform rtc_cmos: registered platform RTC device (no PNP device found)
[    0.682682] Scanning for low memory corruption every 60 seconds
[    0.683819] audit: initializing netlink subsys (disabled)
[    0.684568] audit: type=2000 audit(1596038686.211:1): initialized
[    0.685545] Initialise system trusted keyring
[    0.686342] HugeTLB registered 2 MB page size, pre-allocated 0 pages
[    0.687905] zbud: loaded
[    0.688635] VFS: Disk quotas dquot_6.6.0
[    0.689300] VFS: Dquot-cache hash table entries: 512 (order 0, 4096 bytes)
[    0.690364] squashfs: version 4.0 (2009/01/31) Phillip Lougher
[    0.691661] fuse init (API version 7.23)
[    0.693202] Key type big_key registered
[    0.693950] Allocating IMA MOK and blacklist keyrings.
[    0.695671] Key type asymmetric registered
[    0.696318] Asymmetric key parser 'x509' registered
[    0.697047] Block layer SCSI generic (bsg) driver version 0.4 loaded (major 249)
[    0.698235] io scheduler noop registered
[    0.698828] io scheduler deadline registered (default)
[    0.699615] io scheduler cfq registered
[    0.700278] pci_hotplug: PCI Hot Plug PCI Core version: 0.5
[    0.701030] pciehp: PCI Express Hot Plug Controller Driver version: 0.4
[    0.702017] ACPI: AC Adapter [AC] (on-line)
[    0.702716] input: Power Button as /devices/LNXSYSTM:00/LNXPWRBN:00/input/input0
[    0.703801] ACPI: Power Button [PWRF]
[    0.704425] input: Sleep Button as /devices/LNXSYSTM:00/LNXSLPBN:00/input/input1
[    0.705552] ACPI: Sleep Button [SLPF]
[    0.706319] GHES: HEST is not enabled!
[    0.706729] ACPI: Battery Slot [BAT0] (battery present)
[    0.707779] Serial: 8250/16550 driver, 32 ports, IRQ sharing enabled
[    0.729262] 00:02: ttyS0 at I/O 0x3f8 (irq = 4, base_baud = 115200) is a 16550A
[    0.733162] Linux agpgart interface v0.103
[    0.735491] loop: module loaded
[    0.736450] scsi host0: ata_piix
[    0.737114] scsi host1: ata_piix
[    0.737676] ata1: PATA max UDMA/33 cmd 0x1f0 ctl 0x3f6 bmdma 0xd000 irq 14
[    0.738561] ata2: PATA max UDMA/33 cmd 0x170 ctl 0x376 bmdma 0xd008 irq 15
[    0.739567] libphy: Fixed MDIO Bus: probed
[    0.740209] tun: Universal TUN/TAP device driver, 1.6
[    0.740968] tun: (C) 1999-2004 Max Krasnyansky <maxk@qualcomm.com>
[    0.741968] PPP generic driver version 2.4.2
[    0.742737] ehci_hcd: USB 2.0 'Enhanced' Host Controller (EHCI) Driver
[    0.743624] ehci-pci: EHCI PCI platform driver
[    0.744274] ehci-platform: EHCI generic platform driver
[    0.745012] ohci_hcd: USB 1.1 'Open' Host Controller (OHCI) Driver
[    0.745841] ohci-pci: OHCI PCI platform driver
[    0.746536] ohci-platform: OHCI generic platform driver
[    0.747282] uhci_hcd: USB Universal Host Controller Interface driver
[    0.748149] i8042: PNP: PS/2 Controller [PNP0303:PS2K,PNP0f03:PS2M] at 0x60,0x64 irq 1,12
[    0.749680] serio: i8042 KBD port at 0x60,0x64 irq 1
[    0.750385] serio: i8042 AUX port at 0x60,0x64 irq 12
[    0.751210] mousedev: PS/2 mouse device common for all mice
[    0.752458] input: AT Translated Set 2 keyboard as /devices/platform/i8042/serio0/input/input2
[    0.754774] rtc_cmos rtc_cmos: rtc core: registered rtc_cmos as rtc0
[    0.756494] rtc_cmos rtc_cmos: alarms up to one day, 114 bytes nvram
[    0.757348] i2c /dev entries driver
[    0.757944] device-mapper: uevent: version 1.0.3
[    0.758720] device-mapper: ioctl: 4.34.0-ioctl (2015-10-28) initialised: dm-devel@redhat.com
[    0.760081] ledtrig-cpu: registered to indicate activity on CPUs
[    0.761560] NET: Registered protocol family 10
[    0.762432] NET: Registered protocol family 17
[    0.763092] Key type dns_resolver registered
[    0.764070] registered taskstats version 1
[    0.764687] Loading compiled-in X.509 certificates
[    0.765767] Loaded X.509 cert 'Build time autogenerated kernel key: cef5e81496c0efa51b848ab539e845ddf31c08be'
[    0.767100] zswap: loaded using pool lzo/zbud
[    0.768955] Key type trusted registered
[    0.771841] Key type encrypted registered
[    0.772462] AppArmor: AppArmor sha1 policy hashing enabled
[    0.773234] ima: No TPM chip found, activating TPM-bypass!
[    0.773989] ima: Allocated hash algorithm: sha1
[    0.774653] evm: HMAC attrs: 0x1
[    0.775513]   Magic number: 12:396:86
[    0.776167] rtc_cmos rtc_cmos: setting system clock to 2020-07-29 16:04:42 UTC (1596038682)
[    0.778066] BIOS EDD facility v0.16 2004-Jun-25, 0 devices found
[    0.778876] EDD information not available.
[    0.918261] Freeing unused kernel memory: 1492K
[    0.919061] Write protecting the kernel read-only data: 14336k
[    0.920400] Freeing unused kernel memory: 1592K
[    0.921326] Freeing unused kernel memory: 56K
Loading, please wait...
starting version 229
[    0.932407] random: systemd-udevd: uninitialized urandom read (16 bytes read, 2 bits of entropy available)
[    0.932716] random: udevadm: uninitialized urandom read (16 bytes read, 2 bits of entropy available)
[    0.932759] random: udevadm: uninitialized urandom read (16 bytes read, 2 bits of entropy available)
[    0.936171] random: systemd-udevd: uninitialized urandom read (16 bytes read, 2 bits of entropy available)
[    0.937566] random: systemd-udevd: uninitialized urandom read (16 bytes read, 2 bits of entropy available)
[    0.940712] random: udevadm: uninitialized urandom read (16 bytes read, 2 bits of entropy available)
[    0.941641] random: systemd-udevd: uninitialized urandom read (16 bytes read, 2 bits of entropy available)
[    0.942138] random: systemd-udevd: uninitialized urandom read (16 bytes read, 2 bits of entropy available)
[    0.942154] random: systemd-udevd: uninitialized urandom read (16 bytes read, 2 bits of entropy available)
[    0.942163] random: systemd-udevd: uninitialized urandom read (16 bytes read, 2 bits of entropy available)
[    0.986300] Fusion MPT base driver 3.04.20
[    0.987180] Copyright (c) 1999-2008 LSI Corporation
[    0.987971] e1000: Intel(R) PRO/1000 Network Driver - version 7.3.21-k8-NAPI
[    0.988957] e1000: Copyright (c) 1999-2006 Intel Corporation.
[    0.997527] Fusion MPT SPI Host driver 3.04.20
[    1.004193] AVX2 version of gcm_enc/dec engaged.
[    1.005039] AES CTR mode by8 optimization enabled
[    1.214523] input: ImExPS/2 Generic Explorer Mouse as /devices/platform/i8042/serio1/input/input4
[    1.676379] e1000 0000:00:03.0 eth0: (PCI:33MHz:32-bit) 02:e5:f9:b1:f5:c2
[    1.677370] e1000 0000:00:03.0 eth0: Intel(R) PRO/1000 Network Connection
[    1.679038] mptbase: ioc0: Initiating bringup
[    2.466158] ioc0: LSI53C1030 A0: Capabilities={Initiator}
[    3.771884] scsi host2: ioc0: LSI53C1030 A0, FwRev=00000000h, Ports=1, MaxQ=256, IRQ=20
[    4.374578] scsi 2:0:0:0: Direct-Access     VBOX     HARDDISK         1.0  PQ: 0 ANSI: 5
[    4.376599] scsi target2:0:0: Beginning Domain Validation
[    4.378005] scsi target2:0:0: Domain Validation skipping write tests
[    4.378864] scsi target2:0:0: Ending Domain Validation
[    4.379620] scsi target2:0:0: asynchronous
[    4.380572] scsi 2:0:1:0: Direct-Access     VBOX     HARDDISK         1.0  PQ: 0 ANSI: 5
[    4.381694] scsi target2:0:1: Beginning Domain Validation
[    4.382945] scsi target2:0:1: Domain Validation skipping write tests
[    4.383772] scsi target2:0:1: Ending Domain Validation
[    4.384501] scsi target2:0:1: asynchronous
[    4.390417] sd 2:0:0:0: Attached scsi generic sg0 type 0
[    4.390531] sd 2:0:0:0: [sda] 20971520 512-byte logical blocks: (10.7 GB/10.0 GiB)
[    4.390672] sd 2:0:0:0: [sda] Write Protect is off
[    4.390733] sd 2:0:0:0: [sda] Incomplete mode parameter data
[    4.390734] sd 2:0:0:0: [sda] Assuming drive cache: write through
[    4.391722]  sda: sda1
[    4.392487] sd 2:0:0:0: [sda] Attached SCSI disk
[    4.396797] sd 2:0:1:0: [sdb] 20480 512-byte logical blocks: (10.5 MB/10.0 MiB)
[    4.398103] sd 2:0:1:0: Attached scsi generic sg1 type 0
[    4.399286] sd 2:0:1:0: [sdb] Write Protect is off
[    4.400364] sd 2:0:1:0: [sdb] Incomplete mode parameter data
[    4.401249] sd 2:0:1:0: [sdb] Assuming drive cache: write through
[    4.408398] sd 2:0:1:0: [sdb] Attached SCSI disk
[    4.768591] e1000 0000:00:08.0 eth1: (PCI:33MHz:32-bit) 08:00:27:f1:47:d6
[    4.769528] e1000 0000:00:08.0 eth1: Intel(R) PRO/1000 Network Connection
[    4.771102] e1000 0000:00:03.0 enp0s3: renamed from eth0
[    4.785683] e1000 0000:00:08.0 enp0s8: renamed from eth1
Begin: Loading essential drivers ... [    6.047797] md: linear personality registered for level -1
[    6.050674] md: multipath personality registered for level -4
[    6.053022] md: raid0 personality registered for level 0
[    6.056702] md: raid1 personality registered for level 1
[    6.125293] raid6: sse2x1   gen()  8202 MB/s
[    6.193457] raid6: sse2x1   xor()  8339 MB/s
[    6.261248] raid6: sse2x2   gen() 16584 MB/s
[    6.329325] raid6: sse2x2   xor() 10276 MB/s
[    6.397686] raid6: sse2x4   gen() 15655 MB/s
[    6.465781] raid6: sse2x4   xor()  9576 MB/s
[    6.533749] raid6: avx2x1   gen() 19121 MB/s
[    6.601569] raid6: avx2x2   gen() 30205 MB/s
[    6.669240] raid6: avx2x4   gen() 34209 MB/s
[    6.669916] raid6: using algorithm avx2x4 gen() 34209 MB/s
[    6.670684] raid6: using avx2x2 recovery algorithm
[    6.672181] xor: automatically using best checksumming function:
[    6.710221]    avx       : 21675.000 MB/sec
[    6.711704] async_tx: api initialized (async)
[    6.719000] md: raid6 personality registered for level 6
[    6.719770] md: raid5 personality registered for level 5
[    6.720512] md: raid4 personality registered for level 4
[    6.725302] md: raid10 personality registered for level 10
done.
Begin: Running /scripts/init-premount ... done.
Begin: Mounting root file system ... Begin: Running /scripts/local-top ... done.
Begin: Running /scripts/local-premount ... [    6.748878] Btrfs loaded
Scanning for Btrfs filesystems
done.
Warning: fsck not present, so skipping root file system
[    6.770616] EXT4-fs (sda1): mounted filesystem with ordered data mode. Opts: (null)
done.
Begin: Running /scripts/local-bottom ... done.
Begin: Running /scripts/init-bottom ... done.
[    6.842296] systemd[1]: systemd 229 running in system mode. (+PAM +AUDIT +SELINUX +IMA +APPARMOR +SMACK +SYSVINIT +UTMP +LIBCRYPTSETUP +GCRYPT +GNUTLS +ACL +XZ -LZ4 +SECCOMP +BLKID +ELFUTILS +KMOD -IDN)
[    6.844633] systemd[1]: Detected virtualization oracle.
[    6.845352] systemd[1]: Detected architecture x86-64.

Welcome to [1mUbuntu 16.04.6 LTS[0m!

[    6.847806] systemd[1]: Set hostname to <ubuntu>.
[    6.849554] systemd[1]: Initializing machine ID from random generator.
[    6.850450] systemd[1]: Installed transient /etc/machine-id file.
[    6.948172] systemd[1]: Started Forward Password Requests to Wall Directory Watch.
[[0;32m  OK  [0m] Started Forward Password Requests to Wall Directory Watch.
[    6.950348] systemd[1]: Listening on LVM2 poll daemon socket.
[[0;32m  OK  [0m] Listening on LVM2 poll daemon socket.
[    6.951844] systemd[1]: Reached target User and Group Name Lookups.
[[0;32m  OK  [0m] Reached target User and Group Name Lookups.
[    6.953362] systemd[1]: Reached target Encrypted Volumes.
[[0;32m  OK  [0m] Reached target Encrypted Volumes.
[    6.954834] systemd[1]: Listening on udev Kernel Socket.
[[0;32m  OK  [0m] Listening on udev Kernel Socket.
[    6.961561] systemd[1]: Started Trigger resolvconf update for networkd DNS.
[[0;32m  OK  [0m] Started Trigger resolvconf update for networkd DNS.
[    6.963353] systemd[1]: Listening on Syslog Socket.
[[0;32m  OK  [0m] Listening on Syslog Socket.
[    6.964697] systemd[1]: Listening on LVM2 metadata daemon socket.
[[0;32m  OK  [0m] Listening on LVM2 metadata daemon socket.
[    6.966259] systemd[1]: Listening on Device-mapper event daemon FIFOs.
[[0;32m  OK  [0m] Listening on Device-mapper event daemon FIFOs.
[    6.968096] systemd[1]: Created slice User and Session Slice.
[[0;32m  OK  [0m] Created slice User and Session Slice.
[    6.969479] systemd[1]: Listening on Journal Audit Socket.
[[0;32m  OK  [0m] Listening on Journal Audit Socket.
[    6.970691] systemd[1]: Reached target Swap.
[[0;32m  OK  [0m] Reached target Swap.
[    6.971929] systemd[1]: Listening on Journal Socket.
[[0;32m  OK  [0m] Listening on Journal Socket.
[    6.973518] systemd[1]: Set up automount Arbitrary Executable File Formats File System Automount Point.
[[0;32m  OK  [0m] Set up automount Arbitrary Executab...ats File System Automount Point.
[    6.975861] systemd[1]: Listening on Journal Socket (/dev/log).
[[0;32m  OK  [0m] Listening on Journal Socket (/dev/log).
[    6.977287] systemd[1]: Created slice System Slice.
[[0;32m  OK  [0m] Created slice System Slice.
[    6.990039] systemd[1]: Starting Nameserver information manager...
         Starting Nameserver information manager...
[    6.992926] systemd[1]: Starting Journal Service...
         Starting Journal Service...
[    6.994637] systemd[1]: Starting Remount Root and Kernel File Systems...
         Starting Remount Root and Kernel File Systems...
[    6.998609] EXT4-fs (sda1): re-mounted. Opts: (null)
[    7.002929] systemd[1]: Starting Create list of required static device nodes for the current kernel...
         Starting Create list of required st... nodes for the current kernel...
[    7.006458] systemd[1]: Starting Set console keymap...
         Starting Set console keymap...
[    7.009914] systemd[1]: Created slice system-serial\x2dgetty.slice.
[[0;32m  OK  [0m] Created slice system-serial\x2dgetty.slice.
[    7.012234] systemd[1]: Starting Monitoring of LVM2 mirrors, snapshots etc. using dmeventd or progress polling...
         Starting Monitoring of LVM2 mirrors... dmeventd or progress polling...
[    7.028205] systemd[1]: Reached target Slices.
[[0;32m  OK  [0m] Reached target Slices.
[    7.029842] systemd[1]: Listening on udev Control Socket.
[[0;32m  OK  [0m] Listening on udev Control Socket.
[    7.038139] systemd[1]: Mounting POSIX Message Queue File System...
         Mounting POSIX Message Queue File System...
[    7.039959] systemd[1]: Starting Uncomplicated firewall...
         Starting Uncomplicated firewall...
[    7.041268] systemd[1]: Reached target System Time Synchronized.
[[0;32m  OK  [0m] Reached target System Time Synchronized.
[    7.043651] systemd[1]: Mounting Debug File System...
         Mounting Debug File System...
[    7.045557] systemd[1]: Mounting Huge Pages File System...
         Mounting Huge Pages File System...
[    7.048253] systemd[1]: Starting Load Kernel Modules...
         Starting Load Kernel Modules...
[    7.049623] systemd[1]: Listening on /dev/initctl Compatibility Named Pipe.
[[0;32m  OK  [0m] Listening on /dev/initctl Compatibility Named Pipe.
[    7.053895] systemd[1]: Mounted POSIX Message Queue File System.
[[0;32m  OK  [0m] Mounted POSIX Message Queue File System.
[    7.055594] systemd[1]: Mounted Debug File System.
[[0;32m  OK  [0m] Mounted Debug File System.
[    7.056916] systemd[1]: Mounted Huge Pages File System.
[[0;32m  OK  [0m] Mounted Huge Pages File System.
[    7.059207] systemd[1]: Started Journal Service.
[[0;32m  OK  [0m] Started Journal Service.
[[0;32m  OK  [0m] Started Remount Root and Kernel File Systems.
[[0;32m  OK  [0m] Started Create list of required sta...ce nodes for the current kernel.
[[0;32m  OK  [0m] Started Uncomplicated firewall.
[[0;32m  OK  [0m] Started Nameserver information manager.
[    7.071160] Loading iSCSI transport class v2.0-870.
[[0;32m  OK  [0m] Started Set console keymap.
[[0;32m  OK  [0m] Started LVM2 metadata daemon.
         Starting Create Static Device Nodes in /dev...
         Starting Load/Save Random Seed...
         Starting udev Coldplug all Devices...
         Starting Flush Journal to Persistent Storage...
[    7.089419] systemd-journald[379]: Received request to flush runtime journal from PID 1
[[0;32m  OK  [0m] Started Load/Save Random Seed.
[[0;32m  OK  [0m] Started Flush Journal to Persistent Storage.
[    7.093664] iscsi: registered transport (tcp)
[[0;32m  OK  [0m] Started Create Static Device Nodes in /dev.
         Starting udev Kernel Device Manager...
[[0;32m  OK  [0m] Started udev Kernel Device Manager.
[[0;32m  OK  [0m] Started udev Coldplug all Devices.
[    7.134543] iscsi: registered transport (iser)
[[0;32m  OK  [0m] Started Load Kernel Modules.
         Mounting FUSE Control File System...
         Starting Apply Kernel Variables...
[    7.158751] random: nonblocking pool is initialized
[[0;32m  OK  [0m] Started Dispatch Password Requests to Console Directory Watch.
[[0;32m  OK  [0m] Mounted FUSE Control File System.
[[0;32m  OK  [0m] Started Apply Kernel Variables.
[[0;32m  OK  [0m] Found device /dev/ttyS0.
[[0;32m  OK  [0m] Listening on Load/Save RF Kill Switch Status /dev/rfkill Watch.
[[0;32m  OK  [0m] Started Monitoring of LVM2 mirrors,...ng dmeventd or progress polling.
[[0;32m  OK  [0m] Reached target Local File Systems (Pre).
[[0;32m  OK  [0m] Reached target Local File Systems.
         Starting Tell Plymouth To Write Out Runtime Data...
         Starting Initial cloud-init job (pre-networking)...
         Starting Commit a transient machine-id on disk...
         Starting Create Volatile Files and Directories...
         Starting Set console font and keymap...
         Starting LSB: AppArmor initialization...
[[0;32m  OK  [0m] Started Tell Plymouth To Write Out Runtime Data.
[[0;32m  OK  [0m] Started Create Volatile Files and Directories.
         Starting Update UTMP about System Boot/Shutdown...
[[0;32m  OK  [0m] Started Update UTMP about System Boot/Shutdown.
[[0;32m  OK  [0m] Started Commit a transient machine-id on disk.
[[0;32m  OK  [0m] Started Set console font and keymap.
[[0;32m  OK  [0m] Created slice system-getty.slice.
[[0;32m  OK  [0m] Started LSB: AppArmor initialization.
[    8.121031] cloud-init[615]: Cloud-init v. 20.2-45-g5f7825e2-0ubuntu1~16.04.1 running 'init-local' at Wed, 29 Jul 2020 16:04:49 +0000. Up 7.90 seconds.
         Starting Load AppArmor profiles managed internally by snapd...
[[0;32m  OK  [0m] Started Load AppArmor profiles managed internally by snapd.
[[0;32m  OK  [0m] Started Initial cloud-init job (pre-networking).
[[0;32m  OK  [0m] Reached target Network (Pre).
         Starting Raise network interfaces...
[[0;32m  OK  [0m] Started Raise network interfaces.
[[0;32m  OK  [0m] Reached target Network.
         Starting Initial cloud-init job (metadata service crawler)...
[    8.964268] cloud-init[963]: Cloud-init v. 20.2-45-g5f7825e2-0ubuntu1~16.04.1 running 'init' at Wed, 29 Jul 2020 16:04:50 +0000. Up 8.57 seconds.
[    8.972646] cloud-init[963]: ci-info: ++++++++++++++++++++++++++++++++++++++Net device info+++++++++++++++++++++++++++++++++++++++
[    8.974575] cloud-init[963]: ci-info: +--------+-------+----------------------------+---------------+--------+-------------------+
[    8.976513] cloud-init[963]: ci-info: | Device |   Up  |          Address           |      Mask     | Scope  |     Hw-Address    |
[    8.985155] cloud-init[963]: ci-info: +--------+-------+----------------------------+---------------+--------+-------------------+
[    8.986188] cloud-init[963]: ci-info: | enp0s3 |  True |         10.0.2.15          | 255.255.255.0 | global | 02:e5:f9:b1:f5:c2 |
[    8.987451] cloud-init[963]: ci-info: | enp0s3 |  True | fe80::e5:f9ff:feb1:f5c2/64 |       .       |  link  | 02:e5:f9:b1:f5:c2 |
[    8.988464] cloud-init[963]: ci-info: | enp0s8 | False |             .              |       .       |   .    | 08:00:27:f1:47:d6 |
[    8.989204] cloud-init[963]: ci-info: |   lo   |  True |         127.0.0.1          |   255.0.0.0   |  host  |         .         |
[    9.001761] cloud-init[963]: ci-info: |   lo   |  True |          ::1/128           |       .       |  host  |         .         |
[    9.002893] cloud-init[963]: ci-info: +--------+-------+----------------------------+---------------+--------+-------------------+
[    9.004047] cloud-init[963]: ci-info: +++++++++++++++++++++++++++Route IPv4 info++++++++++++++++++++++++++++[[0;32m  OK  [0m] Started Initial cloud-init job (metadata service crawler).
[[0;32m  OK  [0m] Reached target Cloud-config availability.
[[0;32m  OK  [0m] Reached target System Initialization.
         Starting Socket activation for snappy daemon.
[[0;32m  OK  [0m] Started Daily apt download activities.
[[0;32m  OK  [0m] Started Daily Cleanup of Temporary Directories.

[[0;32m  OK  [0m] Started ACPI Events Check.
[    9.017471] [[0;32m  OK  [0m] Reached target Paths.
[[0;32m  OK  [0m] Listening on D-Bus System Message Bus Socket.
[[0;32m  OK  [0m] Listening on UUID daemon activation socket.
[[0;32m  OK  [0m] Started Daily apt upgrade and clean activities.
[[0;32m  OK  [0m] Started Message of the Day.
cloud-init[963]: ci-info: +-------+-------------+----------+---------------+-----------+-------+
[    9.021020]          Starting LXD - unix socket.
[[0;32m  OK  [0m] Listening on ACPID Listen Socket.
[[0;32m  OK  [0m] Reached target Timers.
[[0;32m  OK  [0m] Reached target Network is Online.
cloud-init[963]: ci-info: | Route | Destination | Gateway  |    Genmask    | Interface | Flags |
[    9.023254] cloud-init[963]: ci-info: +-------+-------------+----------+---------------+-----------+-------+
[    9.024111] cloud-init[963]: ci-info: |   0   |   0.0.0.0   | 10.0.2.2 |    0.0.0.0    |   enp0s3  |   UG  |
[    9.032883] cloud-init[963]: ci-info: |   1   |   10.0.2.0  | 0.0.0.0  | 255.255.255.0 |   enp0s3  |   U   |
[    9.033749] cloud-init[963]: ci-info: +-------+-------------+----------+---------------+-----------+-------+
[    9.034749] cloud-init[963]: ci-info: +++++++++++++++++++Route IPv6 info+++++++++++++++++++
[    9.035558] cloud-init[963]: ci-info: +-------+-------------+---------+-----------+-------+
[    9.036564] cloud-init[963]: ci-info: | Route | Destination | Gateway | Interface | Flags |
[    9.037694] cloud-init[963]: ci-info: +-------+-------------+---------+-----------+-------+
         Starting iSCSI initiator daemon (iscsid)...
[    9.045338] cloud-init[963]: ci-info: |   0   |  fe80::/64  |    ::   |   enp0s3  |   U   |
[[0;32m  OK  [0m] Listening on Socket activation for snappy daemon.
[    9.046932] [cloud-init[963]: [0;32m  OK  [0m] ci-info: |   3   |   ff00::/8  |    ::   |   enp0s3  |   U   |Listening on LXD - unix socket.

[[0;32m  OK  [0m] Reached target Sockets.
[[0;32m  OK  [0m] Reached target Basic System.
[    9.048547]          Starting LXD - container startup/shutdown...
cloud-init[963]: ci-info: +-------+-------------+---------+-----------+-------+[[0;32m  OK  [0m] Started ACPI event daemon.

[    9.052060]          cloud-initStarting Pollinate to seed the pseudo random number generator...[963]: 
Generating public/private rsa key pair.
[[0;32m  OK  [0m] Started Deferred execution scheduler.
         Starting Virtualbox guest utils...
[    9.056235] [[0;32m  OK  [0m] Started FUSE filesystem for LXC.
cloud-init[963]: Your identification has been saved in /etc/ssh/ssh_host_rsa_key.
[    9.060624] cloud-init[963]: Your public key has been saved in /etc/ssh/ssh_host_rsa_key.pub.
[    9.060743] cloud-init[963]: The key fingerprint is:
[    9.060948] cloud-init[963]: SHA256:xAawkJTQBs64mvirbfBGFq1meShouJ8+roYiv5DC6fg root@ubuntu-xenial
[    9.061126] cloud-init[963]: The key's randomart image is:
[    9.061327] cloud-init[963]: +---[RSA 2048]----+
[    9.061402] cloud-init[963]: |o=oo...          |
[    9.061423] cloud-init[963]: |+ =. . o         |
[    9.061627] cloud-init[963]: |.+ ..   +        |
[    9.061822] cloud-init[963]: | .. .  o         |
[    9.062078] cloud-init[963]: |+  =    S        |
[    9.062271] cloud-init[963]: |O+X .            |
[    9.062460] cloud-init[963]: |X% .             |
[    9.062652] cloud-init[963]: |O==.             |
[    9.062846] cloud-init[963]: |B%E+             |
[    9.063119] cloud-init[963]: +----[SHA256]-----+
[    9.063304] cloud-init[963]: Generating public/private dsa key pair.
[    9.063497] cloud-init[963]: Your identification has been saved in /etc/ssh/ssh_host_dsa_key.
[    9.063677] cloud-init[963]: Your public key has been saved in /etc/ssh/ssh_host_dsa_key.pub.
[    9.063893] cloud-init[963]: The key fingerprint is:
[    9.064134] cloud-init[963]: SHA256:r6PNrOGUTGzbupdW7GvOXmkWxRwYtVQadRP2uLN0Gpw root@ubuntu-xenial
[    9.064319] cloud-init[963]: The key's randomart image is:
[    9.064413] cloud-init[963]: +---[DSA 1024]----+
[    9.064521] cloud-init[963]: |            .+=*=|
[    9.064717] cloud-init[963]: |            .+.*+|
[    9.065689] cloud-init[963]: |              B .|
[    9.065950] cloud-init[963]: |     .       o o |
[    9.066064] cloud-init[963]: |      + S.  . E .|
[    9.066228] cloud-init[963]: |     + + .o  + * |
[    9.066249] cloud-init[963]: |      * .+. = o  |
[    9.066443] cloud-init[963]: |     o *=oo+     |
[    9.066551] cloud-init[963]: |      **===.     |
[    9.066757] cloud-init[963]: +----[SHA256]-----+
[    9.067122] cloud-init[963]: Generating public/private ecdsa key pair.
[    9.067420] cloud-init[963]: Your identification has been saved in /etc/ssh/ssh_host_ecdsa_key.
[    9.067611] cloud-init[963]: Your public key has been saved in /etc/ssh/ssh_host_ecdsa_key.pub.
[    9.067938] cloud-init[963]: The key fingerprint is:
[    9.068140] cloud-init[963]: SHA256:3zLogL/RGr9rEIOsMaXBaQXijCdjKtzQXsSDtVD/S1Y root@ubuntu-xenial
[    9.068328] cloud-init[963]: The key's randomart image is:
[    9.068533] cloud-init[963]: +---[ECDSA 256]---+
[    9.068737] cloud-init[963]: |...=*+           |
[    9.068966] cloud-init[963]: |+.*.+oo          |
[    9.069047] cloud-init[963]: |+*.* +..   E     |
[    9.069245] cloud-init[963]: |++B + o . .      |
[    9.069267] cloud-init[963]: |o. *   oS+       |
[    9.069498] cloud-init[963]: |. .  ...oo..     |
[    9.069761] cloud-init[963]: |    . +.o.+ .    |
[    9.070051] cloud-init[963]: |     . B.  o     |
[    9.070365] cloud-init[963]: |      +o=o       |
[    9.070564] cloud-init[963]: +----[SHA256]-----+
[    9.070739] cloud-init[963]: Generating public/private ed25519 key pair.
[    9.070925] cloud-init[963]: Your identification has been saved in /etc/ssh/ssh_host_ed25519_key.
[    9.071128] cloud-init[963]: Your public key has been saved in /etc/ssh/ssh_host_ed25519_key.pub.
[    9.071333] cloud-init[963]: The key fingerprint is:
[    9.071536] cloud-init[963]: SHA256:E2VnLDw9f9mln9XIrx/rE3FnrIxdULI25NDIRDI4I8o root@ubuntu-xenial
[    9.071817] cloud-init[963]: The key's randomart image is:
[    9.072002] cloud-init[963]: +--[ED25519 256]--+
[    9.072190] cloud-init[963]: |         o=**oo..|
[    9.072383] cloud-init[963]: |      . +o+=*+oo.|
[    9.072789] cloud-init[963]: |   . . ..o o +===|
[    9.072891] cloud-init[963]: |    E    .   .=+@|
[    9.072957] cloud-init[963]: |        S    + B*|
[    9.073154] cloud-init[963]: |         .  . +oo|
[    9.073284] cloud-init[963]: |               o.|
[    9.073435] cloud-init[963]: |              ..o|
[    9.073697] cloud-init[963]: |              .+o|
[    9.073865] cloud-init[963]: +----[SHA256]-----+
[[0;32m  OK  [0m] Started Regular background program processing daemon.
[[0;32m  OK  [0m] Started D-Bus System Message Bus.
         Starting /etc/rc.local Compatibility...
         Starting Login Service...
         Starting LSB: Record successful boot for GRUB...
         Starting Accounts Service...
         Starting System Logging Service...
         Starting LSB: MD monitoring daemon...
         Starting Snap Daemon...
[[0;32m  OK  [0m] Started /etc/rc.local Compatibility.
[[0;32m  OK  [0m] Started LXD - container startup/shutdown.
[[0;32m  OK  [0m] Started iSCSI initiator daemon (iscsid).
[[0;32m  OK  [0m] Started Login Service.
[[0;32m  OK  [0m] Started Unattended Upgrades Shutdown.
         Starting Login to default iSCSI targets...
[[0;32m  OK  [0m] Started System Logging Service.
[[0;32m  OK  [0m] Started LSB: Record successful boot for GRUB.
[[0;32m  OK  [0m] Started LSB: MD monitoring daemon.
[[0;32m  OK  [0m] Started Virtualbox guest utils.
         Starting Authenticate and Authorize Users to Run Privileged Tasks...
[[0;32m  OK  [0m] Started Login to default iSCSI targets.
[[0;32m  OK  [0m] Reached target Remote File Systems (Pre).
[[0;32m  OK  [0m] Reached target Remote File Systems.
         Starting LSB: Set the CPU Frequency Scaling governor to "ondemand"...
         Starting Permit User Sessions...
         Starting LSB: automatic crash report generation...
         Starting LSB: daemon to balance interrupts for SMP systems...
[[0;32m  OK  [0m] Started Permit User Sessions.
         Starting Hold until boot process finishes up...
         Starting Terminate Plymouth Boot Screen...
[[0;32m  OK  [0m] Started Hold until boot process finishes up.
         Starting Set console scheme...
[[0;32m  OK  [0m] Started Serial Getty on ttyS0.
[[0;32m  OK  [0m] Started Getty on tty1.
[[0;32m  OK  [0m] Reached target Login Prompts.
[[0;32m  OK  [0m] Started Terminate Plymouth Boot Screen.
[[0;32m  OK  [0m] Started Authenticate and Authorize Users to Run Privileged Tasks.
[[0;32m  OK  [0m] Started Set console scheme.
[[0;32m  OK  [0m] Started LSB: Set the CPU Frequency Scaling governor to "ondemand".
[[0;32m  OK  [0m] Started Accounts Service.
[[0;32m  OK  [0m] Started LSB: automatic crash report generation.
[[0;32m  OK  [0m] Started LSB: daemon to balance interrupts for SMP systems.
[[0;32m  OK  [0m] Started Snap Daemon.
         Starting Wait until snapd is fully seeded...
[[0;32m  OK  [0m] Started Pollinate to seed the pseudo random number generator.
         Starting OpenBSD Secure Shell server...
[[0;32m  OK  [0m] Started OpenBSD Secure Shell server.
[[0;32m  OK  [0m] Started Wait until snapd is fully seeded.
         Starting Apply the settings specified in cloud-config...
[[0;32m  OK  [0m] Reached target Multi-User System.
[[0;32m  OK  [0m] Reached target Graphical Interface.
         Starting Update UTMP about System Runlevel Changes...
[[0;32m  OK  [0m] Started Update UTMP about System Runlevel Changes.
[   10.316333] cloud-init[1313]: Generating locales (this might take a while)...
[   10.873853] cloud-init[1313]:   en_US.UTF-8... done
[   10.874628] cloud-init[1313]: Generation complete.
[   11.111251] cloud-init[1313]: Cloud-init v. 20.2-45-g5f7825e2-0ubuntu1~16.04.1 running 'modules:config' at Wed, 29 Jul 2020 16:04:52 +0000. Up 10.24 seconds.
[[0;32m  OK  [0m] Started Apply the settings specified in cloud-config.
         Starting Execute cloud user/final scripts...
ci-info: no authorized SSH keys fingerprints found for user ubuntu.
<14>Jul 29 16:04:53 ec2: 
<14>Jul 29 16:04:53 ec2: #############################################################
<14>Jul 29 16:04:53 ec2: -----BEGIN SSH HOST KEY FINGERPRINTS-----
<14>Jul 29 16:04:53 ec2: 1024 SHA256:r6PNrOGUTGzbupdW7GvOXmkWxRwYtVQadRP2uLN0Gpw root@ubuntu-xenial (DSA)
<14>Jul 29 16:04:53 ec2: 256 SHA256:3zLogL/RGr9rEIOsMaXBaQXijCdjKtzQXsSDtVD/S1Y root@ubuntu-xenial (ECDSA)
<14>Jul 29 16:04:53 ec2: 256 SHA256:E2VnLDw9f9mln9XIrx/rE3FnrIxdULI25NDIRDI4I8o root@ubuntu-xenial (ED25519)
<14>Jul 29 16:04:53 ec2: 2048 SHA256:xAawkJTQBs64mvirbfBGFq1meShouJ8+roYiv5DC6fg root@ubuntu-xenial (RSA)
<14>Jul 29 16:04:53 ec2: -----END SSH HOST KEY FINGERPRINTS-----
<14>Jul 29 16:04:53 ec2: #############################################################
-----BEGIN SSH HOST KEY KEYS-----
ecdsa-sha2-nistp256 AAAAE2VjZHNhLXNoYTItbmlzdHAyNTYAAAAIbmlzdHAyNTYAAABBBGAtVsyTIsbYjBA+ByNSXJcPeMs78qfxyjQeNZ5xjIyBLIn68IOu2UFRHPtqbO8exnmJc0wnhsk2jiq8fvyXKmg= root@ubuntu-xenial
ssh-ed25519 AAAAC3NzaC1lZDI1NTE5AAAAIFEbo5V1zOvdi6/g4pb4rRLotsod8tTk1bySny0pN0lf root@ubuntu-xenial
ssh-rsa AAAAB3NzaC1yc2EAAAADAQABAAABAQDG2iaMM/ejZwbr683u5wpImIi5xl3en+py+TjZFcOoiOUIl1kaCh8aMA/CDvcgB7F8F/lBRsKJzMzGtVo5gsu8z4y2tWhWbJsYGEw+Bx2ff2G6aDSrukQMFC70DdezEEryVFg1XkHTD/qvAyQwoTFV/n+KHGZjK7SCC1VnVp+smnl0MP75KsigpeP8vpI3vDvCW3lGlOb6hPCmjWL00fxJezrk1YMLE+0OJa/ptNKsuymmoOlpB/JzQZgQicLSRvPF7Ultxw7toTN4ZYYa2UM4NADJKPG54xckhovZF+8tiMIt5AYfRJZ9WF4PudMHgm2wRIDieht9EUQoI6nqu7D1 root@ubuntu-xenial
-----END SSH HOST KEY KEYS-----
[   11.488805] cloud-init[1357]: Cloud-init v. 20.2-45-g5f7825e2-0ubuntu1~16.04.1 running 'modules:final' at Wed, 29 Jul 2020 16:04:53 +0000. Up 11.36 seconds.
[   11.490343] cloud-init[1357]: ci-info: no authorized SSH keys fingerprints found for user ubuntu.
[   11.497881] cloud-init[1357]: Cloud-init v. 20.2-45-g5f7825e2-0ubuntu1~16.04.1 finished at Wed, 29 Jul 2020 16:04:53 +0000. Datasource DataSourceNoCloud [seed=/dev/sdb][dsmode=net].  Up 11.48 seconds
[[0;32m  OK  [0m] Started Execute cloud user/final scripts.
[[0;32m  OK  [0m] Reached target Cloud-init target.

Ubuntu 16.04.6 LTS ubuntu-xenial ttyS0

ubuntu-xenial login: 